DiffXS_HypBJetEta
DiffXS_HypBJetpT
DiffXS_HypLLBarMass
DiffXS_HypLLBarpT
DiffXS_HypLeptonEta
DiffXS_HypLeptonpT
DiffXS_HypTTBarMass
DiffXS_HypTTBarRapidity
DiffXS_HypTTBarpT
DiffXS_HypTopRapidity
DiffXS_HypToppT
NL
HypBJetEta
HypBJetpT
HypLLBarMass
HypBjetMulti
HypLLBarpT
HypLeptonEta
HypLeptonpT
HypTTBarMass
HypTTBarRapidity
HypTTBarpT
HypTopMass
HypTopRapidity
HypToppT
HypjetMulti
HypjetMulti_diLep
NL
ESP_HypBJetEta
ESP_HypBJetpT
ESP_HypLLBarMass
ESP_HypLLBarpT
ESP_HypLeptonEta
ESP_HypLeptonpT
ESP_HypTTBarMass
ESP_HypTTBarRapidity
ESP_HypTTBarpT
ESP_HypTopRapidity
ESP_HypToppT
NL
DIMFull
DIMFull_fullSel
Allh1
ElectronpT
ElectronEta
LeptonpT
MuonEta
MuonpT
LeptonEta
LeptonEta_diLep
jetpT
jetHT
MET
vertMulti
vertMulti_noPU
NL
SEM_HypBJetEta
SEM_HypBJetpT
SEM_HypLLBarMass
SEM_HypLLBarpT
SEM_HypLeptonEta
SEM_HypLeptonpT
SEM_HypTTBarMass
SEM_HypTTBarRapidity
SEM_HypTTBarpT
SEM_HypTopRapidity
SEM_HypToppT
NL
MSP_HypBJetEta
MSP_HypBJetpT
MSP_HypLLBarMass
MSP_HypLLBarpT
MSP_HypLeptonEta
MSP_HypLeptonpT
MSP_HypTTBarMass
MSP_HypTTBarRapidity
MSP_HypTTBarpT
MSP_HypTopRapidity
MSP_HypToppT

